// Jest Snapshot v1, https://goo.gl/fbAQLP

exports[`The Question Detail Component The display element should not regress 1`] = `
<div>
  <h3
    className="mb-2"
  >
    How do you learn Jest?
  </h3>
  <div>
    <div
      className="mb-3"
    >
      <div>
        <code>
          React
        </code>
        <code>
          Jest
        </code>
        <code>
          JavaScript
        </code>
      </div>
    </div>
    <div>
      <p>
        1
      </p>
    </div>
    <div>
      0
       Answers
    </div>
  </div>
</div>
`;
